Male guest with ID 0 takes room number 1.
Male guest with ID 2 takes room number 2.
Male guest with ID 1 takes room number 3.
Female guest with ID 3 takes room number 4.
Male guest with ID 0 left room number 1.
Male guest with ID 2 left room number 2.
Female guest with ID 3 left room number 4.
Male guest with ID 1 left room number 3.
