Male guest with ID 33 takes room number 1.
Male guest with ID 3 takes room number 2.
Male guest with ID 16 takes room number 3.
Male guest with ID 51 takes room number 4.
Male guest with ID 2 takes room number 5.
Male guest with ID 6 takes room number 6.
Male guest with ID 30 takes room number 7.
Male guest with ID 51 left room number 4.
Male guest with ID 16 left room number 3.
Male guest with ID 2 left room number 5.
Male guest with ID 142 takes room number 3.
Male guest with ID 137 takes room number 4.
Male guest with ID 132 takes room number 5.
Male guest with ID 144 takes room number 8.
Male guest with ID 0 takes room number 9.
Male guest with ID 11 takes room number 10.
Male guest with ID 10 takes room number 11.
Male guest with ID 132 left room number 5.
Male guest with ID 137 left room number 4.
Male guest with ID 142 left room number 3.
Male guest with ID 30 left room number 7.
Male guest with ID 11 left room number 10.
Male guest with ID 6 left room number 6.
Male guest with ID 0 left room number 9.
Male guest with ID 12 takes room number 3.
Male guest with ID 5 takes room number 4.
Male guest with ID 7 takes room number 5.
Male guest with ID 8 takes room number 6.
Male guest with ID 13 takes room number 7.
Male guest with ID 27 takes room number 9.
Male guest with ID 18 takes room number 10.
Male guest with ID 29 takes room number 11.
Male guest with ID 20 takes room number 12.
Male guest with ID 31 takes room number 12.
Male guest with ID 14 takes room number 13.
Male guest with ID 21 takes room number 13.
Male guest with ID 36 takes room number 14.
Male guest with ID 35 takes room number 14.
Male guest with ID 24 takes room number 15.
Male guest with ID 29 left room number 11.
Male guest with ID 14 left room number 13.
Male guest with ID 13 left room number 7.
Male guest with ID 8 left room number 6.
Male guest with ID 5 left room number 4.
Male guest with ID 31 left room number 12.
Male guest with ID 12 left room number 3.
Male guest with ID 7 left room number 5.
Male guest with ID 10 left room number 11.
Male guest with ID 25 takes room number 3.
Male guest with ID 32 takes room number 4.
Male guest with ID 4 takes room number 5.
Male guest with ID 47 takes room number 6.
Male guest with ID 145 takes room number 7.
Male guest with ID 129 takes room number 11.
Male guest with ID 3 left room number 2.
Male guest with ID 124 takes room number 2.
Male guest with ID 123 takes room number 11.
Male guest with ID 119 takes room number 12.
Male guest with ID 131 takes room number 13.
Male guest with ID 22 takes room number 15.
Male guest with ID 141 takes room number 16.
Male guest with ID 136 takes room number 16.
Male guest with ID 143 takes room number 17.
Male guest with ID 125 takes room number 17.
Male guest with ID 147 takes room number 18.
Male guest with ID 33 left room number 1.
Male guest with ID 140 takes room number 1.
Male guest with ID 131 left room number 13.
Male guest with ID 119 left room number 12.
Male guest with ID 143 left room number 17.
Male guest with ID 22 left room number 15.
Male guest with ID 124 left room number 2.
Male guest with ID 136 left room number 16.
Male guest with ID 145 left room number 7.
Male guest with ID 147 left room number 18.
Male guest with ID 25 left room number 3.
Male guest with ID 24 left room number 15.
Male guest with ID 104 takes room number 2.
Male guest with ID 125 left room number 17.
Male guest with ID 128 takes room number 3.
Male guest with ID 127 takes room number 7.
Male guest with ID 138 takes room number 12.
Male guest with ID 122 takes room number 13.
Male guest with ID 129 left room number 11.
Male guest with ID 139 takes room number 11.
Male guest with ID 146 takes room number 15.
Male guest with ID 135 takes room number 15.
Male guest with ID 105 takes room number 16.
Male guest with ID 133 takes room number 17.
Male guest with ID 112 takes room number 17.
Male guest with ID 130 takes room number 18.
Male guest with ID 113 takes room number 18.
Male guest with ID 117 takes room number 19.
Male guest with ID 98 takes room number 19.
Male guest with ID 121 takes room number 20.
Male guest with ID 140 left room number 1.
Male guest with ID 85 takes room number 1.
Male guest with ID 108 takes room number 20.
Male guest with ID 126 takes room number 21.
Male guest with ID 90 takes room number 21.
Male guest with ID 110 takes room number 22.
Male guest with ID 103 takes room number 22.
Male guest with ID 87 takes room number 23.
Male guest with ID 92 takes room number 23.
Male guest with ID 19 takes room number 24.
Male guest with ID 115 takes room number 24.
Male guest with ID 111 takes room number 25.
Male guest with ID 97 takes room number 25.
Male guest with ID 111 left room number 25.
Male guest with ID 115 left room number 24.
Male guest with ID 116 takes room number 24.
Male guest with ID 19 left room number 24.
Male guest with ID 103 left room number 22.
Male guest with ID 87 left room number 23.
Male guest with ID 92 left room number 23.
Male guest with ID 110 left room number 22.
Male guest with ID 90 left room number 21.
Male guest with ID 85 left room number 1.
Male guest with ID 108 left room number 20.
Male guest with ID 121 left room number 20.
Male guest with ID 118 takes room number 1.
Male guest with ID 97 left room number 25.
Male guest with ID 91 takes room number 20.
Male guest with ID 107 takes room number 20.
Male guest with ID 23 takes room number 21.
Male guest with ID 75 takes room number 22.
Male guest with ID 99 takes room number 22.
Male guest with ID 100 takes room number 23.
Male guest with ID 79 takes room number 23.
Male guest with ID 70 takes room number 24.
Male guest with ID 74 takes room number 25.
Male guest with ID 77 takes room number 25.
Male guest with ID 73 couldn't find an available room and left.
Male guest with ID 52 couldn't find an available room and left.
Male guest with ID 88 couldn't find an available room and left.
Male guest with ID 102 couldn't find an available room and left.
Male guest with ID 86 couldn't find an available room and left.
Male guest with ID 95 couldn't find an available room and left.
Male guest with ID 83 couldn't find an available room and left.
Male guest with ID 89 couldn't find an available room and left.
Male guest with ID 96 couldn't find an available room and left.
Male guest with ID 59 couldn't find an available room and left.
Male guest with ID 56 couldn't find an available room and left.
Male guest with ID 93 couldn't find an available room and left.
Male guest with ID 58 couldn't find an available room and left.
Male guest with ID 62 couldn't find an available room and left.
Male guest with ID 26 couldn't find an available room and left.
Male guest with ID 78 couldn't find an available room and left.
Male guest with ID 61 couldn't find an available room and left.
Male guest with ID 82 couldn't find an available room and left.
Male guest with ID 80 couldn't find an available room and left.
Male guest with ID 55 couldn't find an available room and left.
Male guest with ID 65 couldn't find an available room and left.
Male guest with ID 64 couldn't find an available room and left.
Male guest with ID 84 couldn't find an available room and left.
Male guest with ID 45 couldn't find an available room and left.
Male guest with ID 75 left room number 22.
Male guest with ID 118 left room number 1.
Male guest with ID 79 left room number 23.
Male guest with ID 99 left room number 22.
Male guest with ID 107 left room number 20.
Male guest with ID 70 left room number 24.
Male guest with ID 91 left room number 20.
Male guest with ID 74 left room number 25.
Male guest with ID 77 left room number 25.
Male guest with ID 100 left room number 23.
Male guest with ID 23 left room number 21.
Male guest with ID 116 left room number 24.
Male guest with ID 15 takes room number 1.
Male guest with ID 76 takes room number 20.
Male guest with ID 72 takes room number 20.
Male guest with ID 81 takes room number 21.
Male guest with ID 71 takes room number 22.
Male guest with ID 53 takes room number 22.
Male guest with ID 69 takes room number 23.
Male guest with ID 68 takes room number 23.
Male guest with ID 63 takes room number 24.
Male guest with ID 69 left room number 23.
Male guest with ID 43 takes room number 23.
Male guest with ID 46 takes room number 24.
Male guest with ID 60 takes room number 25.
Male guest with ID 50 takes room number 25.
Male guest with ID 41 couldn't find an available room and left.
Male guest with ID 54 couldn't find an available room and left.
Male guest with ID 39 couldn't find an available room and left.
Male guest with ID 42 couldn't find an available room and left.
Male guest with ID 40 couldn't find an available room and left.
Male guest with ID 38 couldn't find an available room and left.
Male guest with ID 34 couldn't find an available room and left.
Male guest with ID 149 couldn't find an available room and left.
Male guest with ID 66 couldn't find an available room and left.
Male guest with ID 144 left room number 8.
Male guest with ID 9 takes room number 8.
Male guest with ID 28 couldn't find an available room and left.
Male guest with ID 60 left room number 25.
Male guest with ID 50 left room number 25.
Male guest with ID 46 left room number 24.
Male guest with ID 43 left room number 23.
Male guest with ID 63 left room number 24.
Male guest with ID 37 takes room number 23.
Male guest with ID 35 left room number 14.
Male guest with ID 36 left room number 14.
Male guest with ID 21 left room number 13.
Male guest with ID 27 left room number 9.
Male guest with ID 18 left room number 10.
Male guest with ID 134 takes room number 9.
Male guest with ID 148 takes room number 10.
Male guest with ID 20 left room number 12.
Male guest with ID 120 takes room number 12.
Male guest with ID 123 left room number 11.
Male guest with ID 141 left room number 16.
Male guest with ID 148 left room number 10.
Male guest with ID 134 left room number 9.
Male guest with ID 32 left room number 4.
Male guest with ID 37 left room number 23.
Male guest with ID 9 left room number 8.
Male guest with ID 120 left room number 12.
Male guest with ID 4 left room number 5.
Male guest with ID 47 left room number 6.
Male guest with ID 106 takes room number 4.
Male guest with ID 114 takes room number 5.
Male guest with ID 109 takes room number 6.
Male guest with ID 94 takes room number 8.
Male guest with ID 101 takes room number 9.
Male guest with ID 98 left room number 19.
Male guest with ID 105 left room number 16.
Male guest with ID 113 left room number 18.
Male guest with ID 117 left room number 19.
Male guest with ID 130 left room number 18.
Male guest with ID 112 left room number 17.
Male guest with ID 133 left room number 17.
Male guest with ID 135 left room number 15.
Male guest with ID 146 left room number 15.
Male guest with ID 127 left room number 7.
Male guest with ID 109 left room number 6.
Male guest with ID 94 left room number 8.
Male guest with ID 114 left room number 5.
Male guest with ID 106 left room number 4.
Male guest with ID 139 left room number 11.
Male guest with ID 122 left room number 13.
Male guest with ID 128 left room number 3.
Male guest with ID 104 left room number 2.
Male guest with ID 126 left room number 21.
Male guest with ID 17 takes room number 2.
Male guest with ID 1 takes room number 3.
Male guest with ID 67 takes room number 4.
Male guest with ID 49 takes room number 5.
Male guest with ID 57 takes room number 6.
Male guest with ID 48 takes room number 7.
Male guest with ID 44 takes room number 8.
Male guest with ID 68 left room number 23.
Male guest with ID 53 left room number 22.
Male guest with ID 71 left room number 22.
Male guest with ID 72 left room number 20.
Male guest with ID 44 left room number 8.
Male guest with ID 48 left room number 7.
Male guest with ID 49 left room number 5.
Male guest with ID 67 left room number 4.
Male guest with ID 57 left room number 6.
Male guest with ID 1 left room number 3.
Male guest with ID 17 left room number 2.
Male guest with ID 76 left room number 20.
Male guest with ID 81 left room number 21.
Male guest with ID 15 left room number 1.
Male guest with ID 101 left room number 9.
Male guest with ID 138 left room number 12.
