Male guest with ID 31 takes room number 1.
Female guest with ID 45 takes room number 2.
Female guest with ID 49 takes room number 3.
Female guest with ID 49 left room number 3.
Female guest with ID 73 takes room number 3.
Male guest with ID 31 left room number 1.
Female guest with ID 77 takes room number 1.
Female guest with ID 68 takes room number 4.
Male guest with ID 3 takes room number 5.
Male guest with ID 18 takes room number 6.
Female guest with ID 71 takes room number 7.
Male guest with ID 2 takes room number 8.
Female guest with ID 81 takes room number 9.
Female guest with ID 59 takes room number 10.
Female guest with ID 64 takes room number 11.
Female guest with ID 76 takes room number 11.
Female guest with ID 56 takes room number 12.
Female guest with ID 60 takes room number 12.
Female guest with ID 63 takes room number 13.
Female guest with ID 80 takes room number 13.
Female guest with ID 78 takes room number 14.
Female guest with ID 53 takes room number 14.
Female guest with ID 63 left room number 13.
Female guest with ID 60 left room number 12.
Female guest with ID 76 left room number 11.
Female guest with ID 64 left room number 11.
Female guest with ID 58 takes room number 11.
Female guest with ID 55 takes room number 11.
Female guest with ID 78 left room number 14.
Female guest with ID 45 left room number 2.
Female guest with ID 74 takes room number 2.
Female guest with ID 82 takes room number 12.
Female guest with ID 70 takes room number 13.
Female guest with ID 69 takes room number 14.
Female guest with ID 43 takes room number 15.
Female guest with ID 67 takes room number 15.
Female guest with ID 61 takes room number 16.
Female guest with ID 65 takes room number 16.
Female guest with ID 50 takes room number 17.
Female guest with ID 47 takes room number 17.
Male guest with ID 32 takes room number 18.
Male guest with ID 37 takes room number 18.
Female guest with ID 46 takes room number 19.
Male guest with ID 12 takes room number 20.
Female guest with ID 42 takes room number 19.
Female guest with ID 54 takes room number 21.
Female guest with ID 41 takes room number 21.
Male guest with ID 39 takes room number 20.
Male guest with ID 26 takes room number 22.
Female guest with ID 44 takes room number 23.
Male guest with ID 36 takes room number 22.
Male guest with ID 13 takes room number 24.
Male guest with ID 36 left room number 22.
Male guest with ID 22 takes room number 22.
Male guest with ID 26 left room number 22.
Female guest with ID 41 left room number 21.
Male guest with ID 39 left room number 20.
Female guest with ID 46 left room number 19.
Female guest with ID 54 left room number 21.
Female guest with ID 42 left room number 19.
Male guest with ID 32 left room number 18.
Male guest with ID 12 left room number 20.
Male guest with ID 37 left room number 18.
Male guest with ID 38 takes room number 18.
Female guest with ID 57 takes room number 19.
Female guest with ID 48 takes room number 19.
Male guest with ID 40 takes room number 18.
Male guest with ID 17 takes room number 20.
Female guest with ID 51 takes room number 21.
Male guest with ID 16 takes room number 20.
Male guest with ID 14 takes room number 22.
Male guest with ID 25 takes room number 24.
Male guest with ID 1 takes room number 25.
Male guest with ID 20 takes room number 25.
Male guest with ID 0 couldn't find an available room and left.
Male guest with ID 21 couldn't find an available room and left.
Male guest with ID 29 couldn't find an available room and left.
Male guest with ID 30 couldn't find an available room and left.
Male guest with ID 10 couldn't find an available room and left.
Male guest with ID 28 couldn't find an available room and left.
Male guest with ID 8 couldn't find an available room and left.
Male guest with ID 24 couldn't find an available room and left.
Male guest with ID 20 left room number 25.
Male guest with ID 1 left room number 25.
Male guest with ID 17 left room number 20.
Male guest with ID 16 left room number 20.
Male guest with ID 38 left room number 18.
Male guest with ID 14 left room number 22.
Female guest with ID 48 left room number 19.
Male guest with ID 7 takes room number 18.
Male guest with ID 6 takes room number 20.
Male guest with ID 11 takes room number 20.
Female guest with ID 83 takes room number 19.
Male guest with ID 5 takes room number 22.
Female guest with ID 75 takes room number 21.
Female guest with ID 72 takes room number 23.
Male guest with ID 2 left room number 8.
Female guest with ID 59 left room number 10.
Female guest with ID 81 left room number 9.
Female guest with ID 75 left room number 21.
Male guest with ID 18 left room number 6.
Male guest with ID 5 left room number 22.
Female guest with ID 72 left room number 23.
Male guest with ID 11 left room number 20.
Female guest with ID 83 left room number 19.
Male guest with ID 6 left room number 20.
Male guest with ID 7 left room number 18.
Female guest with ID 71 left room number 7.
Male guest with ID 3 left room number 5.
Female guest with ID 68 left room number 4.
Female guest with ID 77 left room number 1.
Female guest with ID 80 left room number 13.
Female guest with ID 62 takes room number 1.
Female guest with ID 56 left room number 12.
Female guest with ID 52 takes room number 4.
Female guest with ID 79 takes room number 5.
Female guest with ID 66 takes room number 6.
Female guest with ID 65 left room number 16.
Female guest with ID 61 left room number 16.
Female guest with ID 67 left room number 15.
Female guest with ID 43 left room number 15.
Female guest with ID 74 left room number 2.
Female guest with ID 69 left room number 14.
Female guest with ID 58 left room number 11.
Female guest with ID 70 left room number 13.
Female guest with ID 55 left room number 11.
Female guest with ID 53 left room number 14.
Female guest with ID 82 left room number 12.
Female guest with ID 47 left room number 17.
Female guest with ID 44 left room number 23.
Female guest with ID 66 left room number 6.
Female guest with ID 52 left room number 4.
Female guest with ID 62 left room number 1.
Male guest with ID 15 takes room number 1.
Male guest with ID 23 takes room number 2.
Male guest with ID 9 takes room number 4.
Male guest with ID 35 takes room number 6.
Male guest with ID 27 takes room number 7.
Male guest with ID 34 takes room number 8.
Male guest with ID 33 takes room number 9.
Male guest with ID 25 left room number 24.
Male guest with ID 40 left room number 18.
Female guest with ID 51 left room number 21.
Male guest with ID 22 left room number 22.
Female guest with ID 57 left room number 19.
Male guest with ID 13 left room number 24.
Male guest with ID 4 takes room number 10.
Male guest with ID 34 left room number 8.
Male guest with ID 27 left room number 7.
Male guest with ID 9 left room number 4.
Male guest with ID 35 left room number 6.
Female guest with ID 73 left room number 3.
Male guest with ID 15 left room number 1.
Male guest with ID 23 left room number 2.
Male guest with ID 33 left room number 9.
Female guest with ID 50 left room number 17.
Female guest with ID 79 left room number 5.
Male guest with ID 19 takes room number 1.
Male guest with ID 19 left room number 1.
Male guest with ID 4 left room number 10.
